Category: 📺央视频道, Name: CCTV-2, Total: 8, Valid: 8, Valid Percent: 100.00%, Whitelist: 0, IPv4: 8, IPv6: 0, Min Delay: 357 ms, Max Speed: 3.06 M/s, Avg Speed: 1.55 M/s, Max Resolution: 1920x1080
Category: 📺央视频道, Name: CCTV-3, Total: 10, Valid: 10, Valid Percent: 100.00%, Whitelist: 0, IPv4: 10, IPv6: 0, Min Delay: 474 ms, Max Speed: 4.99 M/s, Avg Speed: 1.35 M/s, Max Resolution: 1920x1080
Category: 📺央视频道, Name: CCTV-4, Total: 12, Valid: 12, Valid Percent: 100.00%, Whitelist: 0, IPv4: 10, IPv6: 2, Min Delay: 315 ms, Max Speed: 4.99 M/s, Avg Speed: 1.86 M/s, Max Resolution: 1920x1080
Category: 📺央视频道, Name: CCTV-5, Total: 11, Valid: 11, Valid Percent: 100.00%, Whitelist: 0, IPv4: 11, IPv6: 0, Min Delay: 315 ms, Max Speed: 8.08 M/s, Avg Speed: 3.11 M/s, Max Resolution: 1920x1080
Category: 📺央视频道, Name: CCTV-5+, Total: 6, Valid: 6, Valid Percent: 100.00%, Whitelist: 0, IPv4: 6, IPv6: 0, Min Delay: 315 ms, Max Speed: 8.08 M/s, Avg Speed: 3.25 M/s, Max Resolution: 1920x1080
Category: 📺央视频道, Name: CCTV-6, Total: 15, Valid: 15, Valid Percent: 100.00%, Whitelist: 0, IPv4: 15, IPv6: 0, Min Delay: 315 ms, Max Speed: 8.08 M/s, Avg Speed: 1.62 M/s, Max Resolution: 1920x1080
Category: 📺央视频道, Name: CCTV-7, Total: 15, Valid: 15, Valid Percent: 100.00%, Whitelist: 0, IPv4: 15, IPv6: 0, Min Delay: 315 ms, Max Speed: 8.08 M/s, Avg Speed: 1.60 M/s, Max Resolution: 1920x1080
Category: 📺央视频道, Name: CCTV-8, Total: 15, Valid: 15, Valid Percent: 100.00%, Whitelist: 0, IPv4: 15, IPv6: 0, Min Delay: 56 ms, Max Speed: 84.78 M/s, Avg Speed: 12.91 M/s, Max Resolution: 1920x1080
Category: 📺央视频道, Name: CCTV-9, Total: 17, Valid: 17, Valid Percent: 100.00%, Whitelist: 0, IPv4: 17, IPv6: 0, Min Delay: 56 ms, Max Speed: 84.78 M/s, Avg Speed: 6.73 M/s, Max Resolution: 1920x1080
Category: 📺央视频道, Name: CCTV-10, Total: 19, Valid: 19, Valid Percent: 100.00%, Whitelist: 0, IPv4: 19, IPv6: 0, Min Delay: 56 ms, Max Speed: 84.78 M/s, Avg Speed: 5.82 M/s, Max Resolution: 1920x1080
Category: 📺央视频道, Name: CCTV-11, Total: 15, Valid: 15, Valid Percent: 100.00%, Whitelist: 0, IPv4: 15, IPv6: 0, Min Delay: 56 ms, Max Speed: 84.78 M/s, Avg Speed: 7.43 M/s, Max Resolution: 1920x1080
Category: 📺央视频道, Name: CCTV-12, Total: 15, Valid: 15, Valid Percent: 100.00%, Whitelist: 0, IPv4: 15, IPv6: 0, Min Delay: 56 ms, Max Speed: 84.78 M/s, Avg Speed: 7.43 M/s, Max Resolution: 1920x1080
Category: 📺央视频道, Name: CCTV-13, Total: 13, Valid: 13, Valid Percent: 100.00%, Whitelist: 0, IPv4: 13, IPv6: 0, Min Delay: 56 ms, Max Speed: 84.78 M/s, Avg Speed: 8.32 M/s, Max Resolution: 1920x1080
Category: 📺央视频道, Name: CCTV-14, Total: 17, Valid: 17, Valid Percent: 100.00%, Whitelist: 0, IPv4: 15, IPv6: 2, Min Delay: 56 ms, Max Speed: 84.78 M/s, Avg Speed: 6.68 M/s, Max Resolution: 1920x1080
Category: 📺央视频道, Name: CCTV-15, Total: 16, Valid: 16, Valid Percent: 100.00%, Whitelist: 0, IPv4: 16, IPv6: 0, Min Delay: 56 ms, Max Speed: 84.78 M/s, Avg Speed: 6.93 M/s, Max Resolution: 1920x1080
Category: 📺央视频道, Name: CCTV-16, Total: 12, Valid: 12, Valid Percent: 100.00%, Whitelist: 0, IPv4: 12, IPv6: 0, Min Delay: 56 ms, Max Speed: 84.78 M/s, Avg Speed: 9.22 M/s, Max Resolution: 1920x1080
Category: 📺央视频道, Name: CCTV-17, Total: 13, Valid: 13, Valid Percent: 100.00%, Whitelist: 0, IPv4: 13, IPv6: 0, Min Delay: 56 ms, Max Speed: 84.78 M/s, Avg Speed: 8.51 M/s, Max Resolution: 1920x1080
Category: 📡卫视频道, Name: 广东卫视, Total: 10, Valid: 10, Valid Percent: 100.00%, Whitelist: 0, IPv4: 10, IPv6: 0, Min Delay: 56 ms, Max Speed: 84.78 M/s, Avg Speed: 10.74 M/s, Max Resolution: 1920x1080
Category: 📡卫视频道, Name: 浙江卫视, Total: 9, Valid: 9, Valid Percent: 100.00%, Whitelist: 0, IPv4: 9, IPv6: 0, Min Delay: 56 ms, Max Speed: 84.78 M/s, Avg Speed: 11.88 M/s, Max Resolution: 1920x1080
Category: 📡卫视频道, Name: 湖南卫视, Total: 16, Valid: 16, Valid Percent: 100.00%, Whitelist: 0, IPv4: 16, IPv6: 0, Min Delay: 42 ms, Max Speed: 84.78 M/s, Avg Speed: 7.79 M/s, Max Resolution: 1920x1080
Category: 📡卫视频道, Name: 北京卫视, Total: 11, Valid: 11, Valid Percent: 100.00%, Whitelist: 0, IPv4: 11, IPv6: 0, Min Delay: 42 ms, Max Speed: 84.78 M/s, Avg Speed: 9.95 M/s, Max Resolution: 1920x1080
Category: 📡卫视频道, Name: 湖北卫视, Total: 10, Valid: 10, Valid Percent: 100.00%, Whitelist: 0, IPv4: 10, IPv6: 0, Min Delay: 42 ms, Max Speed: 84.78 M/s, Avg Speed: 10.64 M/s, Max Resolution: 1920x1080
Category: 📡卫视频道, Name: 黑龙江卫视, Total: 10, Valid: 10, Valid Percent: 100.00%, Whitelist: 0, IPv4: 10, IPv6: 0, Min Delay: 42 ms, Max Speed: 84.78 M/s, Avg Speed: 10.64 M/s, Max Resolution: 1920x1080
Category: 📡卫视频道, Name: 安徽卫视, Total: 13, Valid: 13, Valid Percent: 100.00%, Whitelist: 0, IPv4: 13, IPv6: 0, Min Delay: 56 ms, Max Speed: 84.78 M/s, Avg Speed: 8.27 M/s, Max Resolution: 1920x1080
Category: 📡卫视频道, Name: 重庆卫视, Total: 11, Valid: 11, Valid Percent: 100.00%, Whitelist: 0, IPv4: 11, IPv6: 0, Min Delay: 42 ms, Max Speed: 84.78 M/s, Avg Speed: 9.74 M/s, Max Resolution: 1920x1080
Category: 📡卫视频道, Name: 东方卫视, Total: 12, Valid: 12, Valid Percent: 100.00%, Whitelist: 0, IPv4: 12, IPv6: 0, Min Delay: 56 ms, Max Speed: 84.78 M/s, Avg Speed: 9.33 M/s, Max Resolution: 1920x1080
Category: 📡卫视频道, Name: 东南卫视, Total: 10, Valid: 10, Valid Percent: 100.00%, Whitelist: 0, IPv4: 10, IPv6: 0, Min Delay: 56 ms, Max Speed: 84.78 M/s, Avg Speed: 10.46 M/s, Max Resolution: 1920x1080
Category: 📡卫视频道, Name: 甘肃卫视, Total: 5, Valid: 5, Valid Percent: 100.00%, Whitelist: 0, IPv4: 5, IPv6: 0, Min Delay: 56 ms, Max Speed: 84.78 M/s, Avg Speed: 20.02 M/s, Max Resolution: 1920x1080
Category: 📡卫视频道, Name: 广西卫视, Total: 11, Valid: 10, Valid Percent: 90.91%, Whitelist: 0, IPv4: 9, IPv6: 2, Min Delay: 56 ms, Max Speed: 84.78 M/s, Avg Speed: 10.93 M/s, Max Resolution: 1920x1080
Category: 📡卫视频道, Name: 贵州卫视, Total: 10, Valid: 10, Valid Percent: 100.00%, Whitelist: 0, IPv4: 10, IPv6: 0, Min Delay: 56 ms, Max Speed: 84.78 M/s, Avg Speed: 10.40 M/s, Max Resolution: 1920x1080
Category: 📡卫视频道, Name: 海南卫视, Total: 6, Valid: 6, Valid Percent: 100.00%, Whitelist: 0, IPv4: 6, IPv6: 0, Min Delay: 42 ms, Max Speed: 84.78 M/s, Avg Speed: 16.29 M/s, Max Resolution: 1920x1080
Category: 📡卫视频道, Name: 河北卫视, Total: 12, Valid: 12, Valid Percent: 100.00%, Whitelist: 0, IPv4: 12, IPv6: 0, Min Delay: 42 ms, Max Speed: 84.78 M/s, Avg Speed: 8.90 M/s, Max Resolution: 1920x1080
Category: 📡卫视频道, Name: 河南卫视, Total: 12, Valid: 12, Valid Percent: 100.00%, Whitelist: 0, IPv4: 12, IPv6: 0, Min Delay: 56 ms, Max Speed: 84.78 M/s, Avg Speed: 8.98 M/s, Max Resolution: 1920x1080
Category: 📡卫视频道, Name: 吉林卫视, Total: 9, Valid: 9, Valid Percent: 100.00%, Whitelist: 0, IPv4: 9, IPv6: 0, Min Delay: 56 ms, Max Speed: 84.78 M/s, Avg Speed: 11.53 M/s, Max Resolution: 1920x1080
Category: 📡卫视频道, Name: 江苏卫视, Total: 14, Valid: 14, Valid Percent: 100.00%, Whitelist: 0, IPv4: 14, IPv6: 0, Min Delay: 56 ms, Max Speed: 84.78 M/s, Avg Speed: 8.03 M/s, Max Resolution: 1920x1080
Category: 📡卫视频道, Name: 江西卫视, Total: 12, Valid: 12, Valid Percent: 100.00%, Whitelist: 0, IPv4: 12, IPv6: 0, Min Delay: 42 ms, Max Speed: 84.78 M/s, Avg Speed: 8.95 M/s, Max Resolution: 1920x1080
Category: 📡卫视频道, Name: 辽宁卫视, Total: 13, Valid: 13, Valid Percent: 100.00%, Whitelist: 0, IPv4: 13, IPv6: 0, Min Delay: 56 ms, Max Speed: 84.78 M/s, Avg Speed: 8.09 M/s, Max Resolution: 1920x1080
Category: 📡卫视频道, Name: 内蒙古卫视, Total: 10, Valid: 10, Valid Percent: 100.00%, Whitelist: 0, IPv4: 10, IPv6: 0, Min Delay: 42 ms, Max Speed: 84.78 M/s, Avg Speed: 10.68 M/s, Max Resolution: 1920x1080
Category: 📡卫视频道, Name: 宁夏卫视, Total: 7, Valid: 7, Valid Percent: 100.00%, Whitelist: 0, IPv4: 7, IPv6: 0, Min Delay: 56 ms, Max Speed: 84.78 M/s, Avg Speed: 14.80 M/s, Max Resolution: 1920x1080
Category: 📡卫视频道, Name: 青海卫视, Total: 12, Valid: 12, Valid Percent: 100.00%, Whitelist: 0, IPv4: 10, IPv6: 2, Min Delay: 42 ms, Max Speed: 84.78 M/s, Avg Speed: 9.17 M/s, Max Resolution: 1920x1080
Category: 📡卫视频道, Name: 山东卫视, Total: 16, Valid: 14, Valid Percent: 87.50%, Whitelist: 0, IPv4: 16, IPv6: 0, Min Delay: 56 ms, Max Speed: 84.78 M/s, Avg Speed: 7.51 M/s, Max Resolution: 1920x1080
Category: 📡卫视频道, Name: 山西卫视, Total: 8, Valid: 8, Valid Percent: 100.00%, Whitelist: 0, IPv4: 8, IPv6: 0, Min Delay: 42 ms, Max Speed: 84.78 M/s, Avg Speed: 13.27 M/s, Max Resolution: 1920x1080
Category: 📡卫视频道, Name: 陕西卫视, Total: 9, Valid: 9, Valid Percent: 100.00%, Whitelist: 0, IPv4: 9, IPv6: 0, Min Delay: 42 ms, Max Speed: 84.78 M/s, Avg Speed: 11.82 M/s, Max Resolution: 1920x1080
Category: 📡卫视频道, Name: 四川卫视, Total: 14, Valid: 13, Valid Percent: 92.86%, Whitelist: 0, IPv4: 14, IPv6: 0, Min Delay: 42 ms, Max Speed: 84.78 M/s, Avg Speed: 8.22 M/s, Max Resolution: 1920x1080
Category: 📡卫视频道, Name: 深圳卫视, Total: 17, Valid: 17, Valid Percent: 100.00%, Whitelist: 0, IPv4: 17, IPv6: 0, Min Delay: 56 ms, Max Speed: 84.78 M/s, Avg Speed: 6.37 M/s, Max Resolution: 1920x1080
Category: 📡卫视频道, Name: 三沙卫视, Total: 6, Valid: 6, Valid Percent: 100.00%, Whitelist: 0, IPv4: 6, IPv6: 0, Min Delay: 56 ms, Max Speed: 84.78 M/s, Avg Speed: 16.93 M/s, Max Resolution: 1920x1080
Category: 📡卫视频道, Name: 天津卫视, Total: 12, Valid: 12, Valid Percent: 100.00%, Whitelist: 0, IPv4: 12, IPv6: 0, Min Delay: 56 ms, Max Speed: 84.78 M/s, Avg Speed: 8.76 M/s, Max Resolution: 1920x1080
Category: 📡卫视频道, Name: 西藏卫视, Total: 10, Valid: 9, Valid Percent: 90.00%, Whitelist: 0, IPv4: 10, IPv6: 0, Min Delay: 42 ms, Max Speed: 84.78 M/s, Avg Speed: 10.92 M/s, Max Resolution: 1920x1080
Category: 📡卫视频道, Name: 新疆卫视, Total: 15, Valid: 15, Valid Percent: 100.00%, Whitelist: 0, IPv4: 15, IPv6: 0, Min Delay: 42 ms, Max Speed: 84.78 M/s, Avg Speed: 7.22 M/s, Max Resolution: 1920x1080
Category: 📡卫视频道, Name: 云南卫视, Total: 15, Valid: 14, Valid Percent: 93.33%, Whitelist: 0, IPv4: 15, IPv6: 0, Min Delay: 56 ms, Max Speed: 84.78 M/s, Avg Speed: 7.55 M/s, Max Resolution: 1920x1080
